============================================================
Dataset: Intelligent Electronic Device
  session 229.2 min | normal 222608 | attack 116308 (34.3%) | flood 84808 rows, peak 12539 pkt/s
  mean AUC per window (k in s): {0.5: 0.89, 1: 0.907, 2: 0.904, 4: 0.902, 8: 0.884, 16: 0.845, 32: 0.788, 60: 0.724}
  dataset time: 1.78s
============================================================
Dataset: Smart Grid
  session 99.4 min | normal 47198 | attack 88086 (65.1%) | flood 84930 rows, peak 12148 pkt/s
  mean AUC per window (k in s): {0.5: 0.769, 1: 0.974, 2: 0.966, 4: 0.955, 8: 0.932, 16: 0.899, 32: 0.845, 60: 0.746}
  dataset time: 0.53s
============================================================
Dataset: Water Bottle Factory
  session 116.7 min | normal 166896 | attack 96322 (36.6%) | flood 85262 rows, peak 12539 pkt/s
  mean AUC per window (k in s): {0.5: 0.975, 1: 0.96, 2: 0.947, 4: 0.934, 8: 0.915, 16: 0.882, 32: 0.838, 60: 0.751}
  dataset time: 1.31s
============================================================
Saved: data_visualisation/overview.csv
Saved: data_visualisation/timeline_per_minute.csv
Saved: data_visualisation/burst_first_120s.csv
Saved: data_visualisation/window_auc.csv
Saved: data_visualisation/report.html
Total time consumed: 3.64s
